// Jest Snapshot v1, https://goo.gl/fbAQLP

exports[`[SNAPSHOT][Componentes][Common][Modal] - Modal (normal). Debe pintar el componente correctamente. 1`] = `
.c9 {
  display: inline-block;
  fill: #FFF;
  height: 50px;
  margin: 0px;
  vertical-align: top;
  width: 50px;
  -webkit-transition: all .3s;
  transition: all .3s;
}

.c7 {
  background-color: transparent;
  border: 1px solid transparent;
  border-radius: 5px;
  box-sizing: border-box;
  color: #FFF;
  cursor: pointer;
  display: inline-block;
  font-size: 14px;
  font-family: "Open Sans",sans-serif;
  font-stretch: normal;
  font-style: normal;
  font-weight: bold;
  height: 30px;
  -webkit-letter-spacing: normal;
  -moz-letter-spacing: normal;
  -ms-letter-spacing: normal;
  letter-spacing: normal;
  line-height: 20px;
  padding: 5px 30px;
  text-align: center;
  width: auto;
  -webkit-transition: all .3s;
  transition: all .3s;
}

.c7:hover {
  background-color: rgba(235,235,235,0.5);
  border: 1px solid rgba(235,235,235,0);
  color: #FFF;
  -webkit-text-decoration: none;
  text-decoration: none;
}

.c7:hover .c8 {
  fill: #FFF;
}

.c7:disabled {
  background-color: transparent;
  border: 1px solid transparent;
  color: #BFBFBF;
  pointer-events: none;
}

.c7:disabled .c8 {
  fill: #BFBFBF;
}

.c7:focus {
  outline: none;
}

.c7 .c8 {
  fill: #FFF;
  height: 18px;
  width: 18px;
}

.c6 {
  border-radius: 50%;
  padding: 1px 0px 0px 0px;
  width: 30px;
}

.c0 {
  background-color: rgba(0,0,0,0.4);
  display: none;
  height: 100%;
  left: 0px;
  overflow: auto;
  position: fixed;
  top: 0px;
  width: 100%;
  z-index: 997;
}

.c1 {
  background-color: #FFF;
  border-radius: 5px;
  box-shadow: 0 1px 8px rgba(0,0,0,0.05);
  height: auto;
  margin: 50px auto;
  overflow: hidden;
  padding: 0px;
  position: relative;
  width: 600px;
  z-index: 999;
  -webkit-animation: unset;
  animation: unset;
}

.c2 {
  background-color: #1476FB;
  box-sizing: border-box;
  display: inline-block;
  float: left;
  height: 45px;
  margin: 0px;
  padding: 10px;
  width: 100%;
}

.c3 {
  box-sizing: border-box;
  color: #FFF;
  height: 24px;
  font-family: "Open Sans",sans-serif;
  font-size: 18px;
  font-stretch: normal;
  font-style: normal;
  font-weight: bold;
  -webkit-letter-spacing: normal;
  -moz-letter-spacing: normal;
  -ms-letter-spacing: normal;
  letter-spacing: normal;
  margin: 0px;
  padding: 3px 10px;
  text-align: left;
  width: 100%;
}

.c4 {
  background-color: #FFF;
  box-sizing: border-box;
  display: inline-block;
  float: left;
  height: auto;
  margin: 0px;
  padding: 10px;
  width: 100%;
}

.c5 {
  background-color: #FFF;
  border-top: 1px solid #A7A7A7;
  box-sizing: border-box;
  display: inline-block;
  float: left;
  height: 40px;
  margin: 0px;
  padding: 10px;
  width: 100%;
}

@media screen and (max-width:767px) {
  .c1 {
    width: 90%;
  }
}

@media screen and (min-width:768px) and (max-width:991px) {
  .c1 {
    width: 90%;
  }
}

@media screen and (max-width:767px) {
  .c3 {
    font-size: 12px;
    padding: 0px;
    width: calc(100% - 15px);
  }
}

@media screen and (min-width:768px) and (max-width:991px) {
  .c3 {
    font-size: 12px;
    padding: 0px;
    width: calc(100% - 15px);
  }
}

<div
  className="c0"
>
  <div
    className="c1"
  >
    <div
      className="c2"
    >
      <label
        className="c3"
      >
        Título del modal
      </label>
    </div>
    <div
      className="c4"
    >
      <label>
        Cuerpo del modal
      </label>
    </div>
    <div
      className="c5"
    >
      <label>
        Ⓒ Panda Corp. all rights reserved.
      </label>
    </div>
    <button
      className="c6 c7"
      icon="solidTimesCircle"
      onClick={[Function]}
      size="small"
      style={
        Object {
          "position": "absolute",
          "right": "5px",
          "top": "8px",
        }
      }
      theme="flatWhite"
      type="button"
    >
      <svg
        alt="solidTimesCircle"
        className="c8 c9"
        dangerouslySetInnerHTML={
          Object {
            "__html": "<path d=\\"M256 8C119 8 8 119 8 256s111 248 248 248 248-111 248-248S393 8 256 8zm121.6 313.1c4.7 4.7 4.7 12.3 0 17L338 377.6c-4.7 4.7-12.3 4.7-17 0L256 312l-65.1 65.6c-4.7 4.7-12.3 4.7-17 0L134.4 338c-4.7-4.7-4.7-12.3 0-17l65.6-65-65.6-65.1c-4.7-4.7-4.7-12.3 0-17l39.6-39.6c4.7-4.7 12.3-4.7 17 0l65 65.7 65.1-65.6c4.7-4.7 12.3-4.7 17 0l39.6 39.6c4.7 4.7 4.7 12.3 0 17L312 256l65.6 65.1z\\"/>",
          }
        }
        viewBox="0 0 512 512"
        x="0px"
        y="0px"
      />
    </button>
  </div>
</div>
`;
